Archive member included to satisfy reference by file (symbol)

/Applications/STM32CubeIDE.app/Contents/Eclipse/plugins/com.st.stm32cube.ide.mcu.externaltools.gnu-tools-for-stm32.12.3.rel1.macos64_1.1.0.202410301201/tools/bin/../lib/gcc/arm-none-eabi/12.3.1/../../../../arm-none-eabi/lib/thumb/v7e-m+dp/hard/libc_nano.a(libc_a-exit.o)
                              /Applications/STM32CubeIDE.app/Contents/Eclipse/plugins/com.st.stm32cube.ide.mcu.externaltools.gnu-tools-for-stm32.12.3.rel1.macos64_1.1.0.202410301201/tools/bin/../lib/gcc/arm-none-eabi/12.3.1/../../../../arm-none-eabi/lib/thumb/v7e-m+dp/hard/crt0.o (exit)
/Applications/STM32CubeIDE.app/Contents/Eclipse/plugins/com.st.stm32cube.ide.mcu.externaltools.gnu-tools-for-stm32.12.3.rel1.macos64_1.1.0.202410301201/tools/bin/../lib/gcc/arm-none-eabi/12.3.1/../../../../arm-none-eabi/lib/thumb/v7e-m+dp/hard/libc_nano.a(libc_a-findfp.o)
                              /Applications/STM32CubeIDE.app/Contents/Eclipse/plugins/com.st.stm32cube.ide.mcu.externaltools.gnu-tools-for-stm32.12.3.rel1.macos64_1.1.0.202410301201/tools/bin/../lib/gcc/arm-none-eabi/12.3.1/../../../../arm-none-eabi/lib/thumb/v7e-m+dp/hard/libc_nano.a(libc_a-exit.o) (__stdio_exit_handler)
/Applications/STM32CubeIDE.app/Contents/Eclipse/plugins/com.st.stm32cube.ide.mcu.externaltools.gnu-tools-for-stm32.12.3.rel1.macos64_1.1.0.202410301201/tools/bin/../lib/gcc/arm-none-eabi/12.3.1/../../../../arm-none-eabi/lib/thumb/v7e-m+dp/hard/libc_nano.a(libc_a-fwalk.o)
                              /Applications/STM32CubeIDE.app/Contents/Eclipse/plugins/com.st.stm32cube.ide.mcu.externaltools.gnu-tools-for-stm32.12.3.rel1.macos64_1.1.0.202410301201/tools/bin/../lib/gcc/arm-none-eabi/12.3.1/../../../../arm-none-eabi/lib/thumb/v7e-m+dp/hard/libc_nano.a(libc_a-findfp.o) (_fwalk_sglue)
/Applications/STM32CubeIDE.app/Contents/Eclipse/plugins/com.st.stm32cube.ide.mcu.externaltools.gnu-tools-for-stm32.12.3.rel1.macos64_1.1.0.202410301201/tools/bin/../lib/gcc/arm-none-eabi/12.3.1/../../../../arm-none-eabi/lib/thumb/v7e-m+dp/hard/libc_nano.a(libc_a-vsnprintf.o)
                              ./Core/Src/main.o (vsnprintf)
/Applications/STM32CubeIDE.app/Contents/Eclipse/plugins/com.st.stm32cube.ide.mcu.externaltools.gnu-tools-for-stm32.12.3.rel1.macos64_1.1.0.202410301201/tools/bin/../lib/gcc/arm-none-eabi/12.3.1/../../../../arm-none-eabi/lib/thumb/v7e-m+dp/hard/libc_nano.a(libc_a-memset.o)
                              /Applications/STM32CubeIDE.app/Contents/Eclipse/plugins/com.st.stm32cube.ide.mcu.externaltools.gnu-tools-for-stm32.12.3.rel1.macos64_1.1.0.202410301201/tools/bin/../lib/gcc/arm-none-eabi/12.3.1/../../../../arm-none-eabi/lib/thumb/v7e-m+dp/hard/crt0.o (memset)
/Applications/STM32CubeIDE.app/Contents/Eclipse/plugins/com.st.stm32cube.ide.mcu.externaltools.gnu-tools-for-stm32.12.3.rel1.macos64_1.1.0.202410301201/tools/bin/../lib/gcc/arm-none-eabi/12.3.1/../../../../arm-none-eabi/lib/thumb/v7e-m+dp/hard/libc_nano.a(libc_a-impure.o)
                              /Applications/STM32CubeIDE.app/Contents/Eclipse/plugins/com.st.stm32cube.ide.mcu.externaltools.gnu-tools-for-stm32.12.3.rel1.macos64_1.1.0.202410301201/tools/bin/../lib/gcc/arm-none-eabi/12.3.1/../../../../arm-none-eabi/lib/thumb/v7e-m+dp/hard/libc_nano.a(libc_a-vsnprintf.o) (_impure_ptr)
/Applications/STM32CubeIDE.app/Contents/Eclipse/plugins/com.st.stm32cube.ide.mcu.externaltools.gnu-tools-for-stm32.12.3.rel1.macos64_1.1.0.202410301201/tools/bin/../lib/gcc/arm-none-eabi/12.3.1/../../../../arm-none-eabi/lib/thumb/v7e-m+dp/hard/libc_nano.a(libc_a-errno.o)
                              ./Core/Src/syscalls.o (__errno)
/Applications/STM32CubeIDE.app/Contents/Eclipse/plugins/com.st.stm32cube.ide.mcu.externaltools.gnu-tools-for-stm32.12.3.rel1.macos64_1.1.0.202410301201/tools/bin/../lib/gcc/arm-none-eabi/12.3.1/../../../../arm-none-eabi/lib/thumb/v7e-m+dp/hard/libc_nano.a(libc_a-init.o)
                              /Applications/STM32CubeIDE.app/Contents/Eclipse/plugins/com.st.stm32cube.ide.mcu.externaltools.gnu-tools-for-stm32.12.3.rel1.macos64_1.1.0.202410301201/tools/bin/../lib/gcc/arm-none-eabi/12.3.1/../../../../arm-none-eabi/lib/thumb/v7e-m+dp/hard/crt0.o (__libc_init_array)
/Applications/STM32CubeIDE.app/Contents/Eclipse/plugins/com.st.stm32cube.ide.mcu.externaltools.gnu-tools-for-stm32.12.3.rel1.macos64_1.1.0.202410301201/tools/bin/../lib/gcc/arm-none-eabi/12.3.1/../../../../arm-none-eabi/lib/thumb/v7e-m+dp/hard/libc_nano.a(libc_a-lock.o)
                              /Applications/STM32CubeIDE.app/Contents/Eclipse/plugins/com.st.stm32cube.ide.mcu.externaltools.gnu-tools-for-stm32.12.3.rel1.macos64_1.1.0.202410301201/tools/bin/../lib/gcc/arm-none-eabi/12.3.1/../../../../arm-none-eabi/lib/thumb/v7e-m+dp/hard/libc_nano.a(libc_a-findfp.o) (__retarget_lock_init_recursive)
[...]
Memory Configuration

Name             Origin             Length             Attributes
RAM_D1           0x24000000         0x00080000         xrw
FLASH            0x08000000         0x00100000         xr
DTCMRAM          0x20000000         0x00020000         xrw
RAM_D2           0x30000000         0x00048000         xrw
RAM_D3           0x38000000         0x00010000         xrw
ITCMRAM          0x00000000         0x00010000         xrw
*default*        0x00000000         0xffffffff

Linker script and memory map

LOAD /Applications/STM32CubeIDE.app/Contents/Eclipse/plugins/com.st.stm32cube.ide.mcu.externaltools.gnu-tools-for-stm32.12.3.rel1.macos64_1.1.0.202410301201/tools/bin/../lib/gcc/arm-none-eabi/12.3.1/thumb/v7e-m+dp/hard/crti.o
LOAD /Applications/STM32CubeIDE.app/Contents/Eclipse/plugins/com.st.stm32cube.ide.mcu.externaltools.gnu-tools-for-stm32.12.3.rel1.macos64_1.1.0.202410301201/tools/bin/../lib/gcc/arm-none-eabi/12.3.1/thumb/v7e-m+dp/hard/crtbegin.o
LOAD /Applications/STM32CubeIDE.app/Contents/Eclipse/plugins/com.st.stm32cube.ide.mcu.externaltools.gnu-tools-for-stm32.12.3.rel1.macos64_1.1.0.202410301201/tools/bin/../lib/gcc/arm-none-eabi/12.3.1/../../../../arm-none-eabi/lib/thumb/v7e-m+dp/hard/crt0.o
LOAD ./Common/Src/system_stm32h7xx_dualcore_boot_cm4_cm7.o
LOAD ./Core/Src/main.o
LOAD ./Core/Src/stm32h7xx_hal_msp.o
LOAD ./Core/Src/stm32h7xx_it.o
LOAD ./Core/Src/syscalls.o
LOAD ./Core/Src/sysmem.o
LOAD ./Core/Startup/startup_stm32h755zitx.o
LOAD ./Drivers/STM32H7xx_HAL_Driver/stm32h7xx_hal.o
LOAD ./Drivers/STM32H7xx_HAL_Driver/stm32h7xx_hal_cortex.o
LOAD ./Drivers/STM32H7xx_HAL_Driver/stm32h7xx_hal_dma.o
LOAD ./Drivers/STM32H7xx_HAL_Driver/stm32h7xx_hal_dma_ex.o
LOAD ./Drivers/STM32H7xx_HAL_Driver/stm32h7xx_hal_exti.o
LOAD ./Drivers/STM32H7xx_HAL_Driver/stm32h7xx_hal_flash.o
LOAD ./Drivers/STM32H7xx_HAL_Driver/stm32h7xx_hal_flash_ex.o
LOAD ./Drivers/STM32H7xx_HAL_Driver/stm32h7xx_hal_gpio.o
LOAD ./Drivers/STM32H7xx_HAL_Driver/stm32h7xx_hal_hsem.o
LOAD ./Drivers/STM32H7xx_HAL_Driver/stm32h7xx_hal_i2c.o
LOAD ./Drivers/STM32H7xx_HAL_Driver/stm32h7xx_hal_i2c_ex.o
LOAD ./Drivers/STM32H7xx_HAL_Driver/stm32h7xx_hal_jpeg.o
LOAD ./Drivers/STM32H7xx_HAL_Driver/stm32h7xx_hal_mdma.o
LOAD ./Drivers/STM32H7xx_HAL_Driver/stm32h7xx_hal_pwr.o
LOAD ./Drivers/STM32H7xx_HAL_Driver/stm32h7xx_hal_pwr_ex.o
LOAD ./Drivers/STM32H7xx_HAL_Driver/stm32h7xx_hal_rcc.o
LOAD ./Drivers/STM32H7xx_HAL_Driver/stm32h7xx_hal_rcc_ex.o
LOAD ./Drivers/STM32H7xx_HAL_Driver/stm32h7xx_hal_rng.o
LOAD ./Drivers/STM32H7xx_HAL_Driver/stm32h7xx_hal_rng_ex.o
LOAD ./Drivers/STM32H7xx_HAL_Driver/stm32h7xx_hal_uart.o
LOAD ./Drivers/STM32H7xx_HAL_Driver/stm32h7xx_hal_uart_ex.o
LOAD ./Utilities/jpeg_utils.o
START GROUP
LOAD /Applications/STM32CubeIDE.app/Contents/Eclipse/plugins/com.st.stm32cube.ide.mcu.externaltools.gnu-tools-for-stm32.12.3.rel1.macos64_1.1.0.202410301201/tools/bin/../lib/gcc/arm-none-eabi/12.3.1/../../../../arm-none-eabi/lib/thumb/v7e-m+dp/hard/libc_nano.a
LOAD /Applications/STM32CubeIDE.app/Contents/Eclipse/plugins/com.st.stm32cube.ide.mcu.externaltools.gnu-tools-for-stm32.12.3.rel1.macos64_1.1.0.202410301201/tools/bin/../lib/gcc/arm-none-eabi/12.3.1/../../../../arm-none-eabi/lib/thumb/v7e-m+dp/hard/libm.a
END GROUP
START GROUP
LOAD /Applications/STM32CubeIDE.app/Contents/Eclipse/plugins/com.st.stm32cube.ide.mcu.externaltools.gnu-tools-for-stm32.12.3.rel1.macos64_1.1.0.202410301201/tools/bin/../lib/gcc/arm-none-eabi/12.3.1/thumb/v7e-m+dp/hard/libgcc.a
LOAD /Applications/STM32CubeIDE.app/Contents/Eclipse/plugins/com.st.stm32cube.ide.mcu.externaltools.gnu-tools-for-stm32.12.3.rel1.macos64_1.1.0.202410301201/tools/bin/../lib/gcc/arm-none-eabi/12.3.1/../../../../arm-none-eabi/lib/thumb/v7e-m+dp/hard/libc_nano.a
END GROUP
START GROUP
LOAD /Applications/STM32CubeIDE.app/Contents/Eclipse/plugins/com.st.stm32cube.ide.mcu.externaltools.gnu-tools-for-stm32.12.3.rel1.macos64_1.1.0.202410301201/tools/bin/../lib/gcc/arm-none-eabi/12.3.1/thumb/v7e-m+dp/hard/libgcc.a
LOAD /Applications/STM32CubeIDE.app/Contents/Eclipse/plugins/com.st.stm32cube.ide.mcu.externaltools.gnu-tools-for-stm32.12.3.rel1.macos64_1.1.0.202410301201/tools/bin/../lib/gcc/arm-none-eabi/12.3.1/../../../../arm-none-eabi/lib/thumb/v7e-m+dp/hard/libc_nano.a
LOAD /Applications/STM32CubeIDE.app/Contents/Eclipse/plugins/com.st.stm32cube.ide.mcu.externaltools.gnu-tools-for-stm32.12.3.rel1.macos64_1.1.0.202410301201/tools/bin/../lib/gcc/arm-none-eabi/12.3.1/../../../../arm-none-eabi/lib/thumb/v7e-m+dp/hard/libnosys.a
END GROUP
START GROUP
LOAD /Applications/STM32CubeIDE.app/Contents/Eclipse/plugins/com.st.stm32cube.ide.mcu.externaltools.gnu-tools-for-stm32.12.3.rel1.macos64_1.1.0.202410301201/tools/bin/../lib/gcc/arm-none-eabi/12.3.1/thumb/v7e-m+dp/hard/libgcc.a
LOAD /Applications/STM32CubeIDE.app/Contents/Eclipse/plugins/com.st.stm32cube.ide.mcu.externaltools.gnu-tools-for-stm32.12.3.rel1.macos64_1.1.0.202410301201/tools/bin/../lib/gcc/arm-none-eabi/12.3.1/../../../../arm-none-eabi/lib/thumb/v7e-m+dp/hard/libc_nano.a
LOAD /Applications/STM32CubeIDE.app/Contents/Eclipse/plugins/com.st.stm32cube.ide.mcu.externaltools.gnu-tools-for-stm32.12.3.rel1.macos64_1.1.0.202410301201/tools/bin/../lib/gcc/arm-none-eabi/12.3.1/../../../../arm-none-eabi/lib/thumb/v7e-m+dp/hard/libnosys.a
END GROUP
LOAD /Applications/STM32CubeIDE.app/Contents/Eclipse/plugins/com.st.stm32cube.ide.mcu.externaltools.gnu-tools-for-stm32.12.3.rel1.macos64_1.1.0.202410301201/tools/bin/../lib/gcc/arm-none-eabi/12.3.1/thumb/v7e-m+dp/hard/crtend.o
LOAD /Applications/STM32CubeIDE.app/Contents/Eclipse/plugins/com.st.stm32cube.ide.mcu.externaltools.gnu-tools-for-stm32.12.3.rel1.macos64_1.1.0.202410301201/tools/bin/../lib/gcc/arm-none-eabi/12.3.1/thumb/v7e-m+dp/hard/crtn.o
                0x24080000                        _estack = (ORIGIN (RAM_D1) + LENGTH (RAM_D1))
                0x00000200                        _Min_Heap_Size = 0x200
                0x00000400                        _Min_Stack_Size = 0x400

.isr_vector     0x08000000      0x298
                0x08000000                        . = ALIGN (0x4)
 *(.isr_vector)
 .isr_vector    0x08000000      0x298 ./Core/Startup/startup_stm32h755zitx.o
                0x08000000                g_pfnVectors
                0x08000298                        . = ALIGN (0x4)

.text           0x08000298     0x724c
                0x08000298                        . = ALIGN (0x4)
 *(.text)
 .text          0x08000298       0x40 /Applications/STM32CubeIDE.app/Contents/Eclipse/plugins/com.st.stm32cube.ide.mcu.externaltools.gnu-tools-for-stm32.12.3.rel1.macos64_1.1.0.202410301201/tools/bin/../lib/gcc/arm-none-eabi/12.3.1/thumb/v7e-m+dp/hard/crtbegin.o
 .text          0x080002d8       0x30 /Applications/STM32CubeIDE.app/Contents/Eclipse/plugins/com.st.stm32cube.ide.mcu.externaltools.gnu-tools-for-stm32.12.3.rel1.macos64_1.1.0.202410301201/tools/bin/../lib/gcc/arm-none-eabi/12.3.1/thumb/v7e-m+dp/hard/libgcc.a(_aeabi_uldivmod.o)
                0x080002d8                __aeabi_uldivmod
 .text          0x08000308      0x2bc /Applications/STM32CubeIDE.app/Contents/Eclipse/plugins/com.st.stm32cube.ide.mcu.externaltools.gnu-tools-for-stm32.12.3.rel1.macos64_1.1.0.202410301201/tools/bin/../lib/gcc/arm-none-eabi/12.3.1/thumb/v7e-m+dp/hard/libgcc.a(_udivmoddi4.o)
                0x08000308                __udivmoddi4
 .text          0x080005c4        0x4 /Applications/STM32CubeIDE.app/Contents/Eclipse/plugins/com.st.stm32cube.ide.mcu.externaltools.gnu-tools-for-stm32.12.3.rel1.macos64_1.1.0.202410301201/tools/bin/../lib/gcc/arm-none-eabi/12.3.1/thumb/v7e-m+dp/hard/libgcc.a(_dvmd_tls.o)
                0x080005c4                __aeabi_ldiv0
                0x080005c4                __aeabi_idiv0
 *(.text*)
 .text.SystemInit
                0x080005c8      0x15c ./Common/Src/system_stm32h7xx_dualcore_boot_cm4_cm7.o
                0x080005c8                SystemInit
 .text.ExitRun0Mode
                0x08000724       0x34 ./Common/Src/system_stm32h7xx_dualcore_boot_cm4_cm7.o
                0x08000724                ExitRun0Mode
 .text.main     0x08000758       0xc4 ./Core/Src/main.o
                0x08000758                main
 .text.SystemClock_Config
                0x0800081c       0xd8 ./Core/Src/main.o
                0x0800081c                SystemClock_Config
 .text.MX_JPEG_Init
                0x080008f4       0x28 ./Core/Src/main.o
 .text.MX_RNG_Init
                0x0800091c       0x2c ./Core/Src/main.o
 .text.MX_USART2_UART_Init
                0x08000948       0x98 ./Core/Src/main.o
 .text.MX_GPIO_Init
                0x080009e0       0x34 ./Core/Src/main.o
 .text.MPU_Config
                0x08000a14       0x58 ./Core/Src/main.o
 .text.Error_Handler
                0x08000a6c        0xc ./Core/Src/main.o
                0x08000a6c                Error_Handler
 .text.HAL_MspInit
                0x08000a78       0x34 ./Core/Src/stm32h7xx_hal_msp.o
                0x08000a78                HAL_MspInit
 .text.HAL_JPEG_MspInit
                0x08000aac       0x44 ./Core/Src/stm32h7xx_hal_msp.o
                0x08000aac                HAL_JPEG_MspInit
 .text.HAL_RNG_MspInit
                0x08000af0       0x74 ./Core/Src/stm32h7xx_hal_msp.o
                0x08000af0                HAL_RNG_MspInit
 .text.HAL_UART_MspInit
                0x08000b64       0xe0 ./Core/Src/stm32h7xx_hal_msp.o
                0x08000b64                HAL_UART_MspInit
 .text.NMI_Handler
                0x08000c44        0x8 ./Core/Src/stm32h7xx_it.o
                0x08000c44                NMI_Handler
 .text.HardFault_Handler
                0x08000c4c        0x8 ./Core/Src/stm32h7xx_it.o
                0x08000c4c                HardFault_Handler
 .text.MemManage_Handler
                0x08000c54        0x8 ./Core/Src/stm32h7xx_it.o
                0x08000c54                MemManage_Handler
 .text.BusFault_Handler
                0x08000c5c        0x8 ./Core/Src/stm32h7xx_it.o
                0x08000c5c                BusFault_Handler
 .text.UsageFault_Handler
                0x08000c64        0x8 ./Core/Src/stm32h7xx_it.o
                0x08000c64                UsageFault_Handler
 .text.SVC_Handler
                0x08000c6c        0xe ./Core/Src/stm32h7xx_it.o
                0x08000c6c                SVC_Handler
 .text.DebugMon_Handler
                0x08000c7a        0xe ./Core/Src/stm32h7xx_it.o
                0x08000c7a                DebugMon_Handler
 .text.PendSV_Handler
                0x08000c88        0xe ./Core/Src/stm32h7xx_it.o
                0x08000c88                PendSV_Handler
 .text.SysTick_Handler
                0x08000c96        0xc ./Core/Src/stm32h7xx_it.o
                0x08000c96                SysTick_Handler
 *fill*         0x08000ca2        0x2 
 .text.USART2_IRQHandler
                0x08000ca4       0x14 ./Core/Src/stm32h7xx_it.o
                0x08000ca4                USART2_IRQHandler
 .text.Reset_Handler
                0x08000cb8       0x54 ./Core/Startup/startup_stm32h755zitx.o
                0x08000cb8                Reset_Handler
 .text.Default_Handler
                0x08000d0c        0x2 ./Core/Startup/startup_stm32h755zitx.o
                0x08000d0c                DMA1_Stream3_IRQHandler
                0x08000d0c                HASH_RNG_IRQHandler
                0x08000d0c                EXTI2_IRQHandler
                0x08000d0c                TIM8_CC_IRQHandler
                0x08000d0c                HRTIM1_Master_IRQHandler
                0x08000d0c                UART8_IRQHandler
                0x08000d0c                SPI4_IRQHandler
                0x08000d0c                TIM1_CC_IRQHandler
                0x08000d0c                BDMA_Channel6_IRQHandler
                0x08000d0c                DMA2_Stream5_IRQHandler
                0x08000d0c                HRTIM1_FLT_IRQHandler
                0x08000d0c                JPEG_IRQHandler
                0x08000d0c                DMA1_Stream5_IRQHandler
                0x08000d0c                BDMA_Channel1_IRQHandler
                0x08000d0c                HRTIM1_TIMD_IRQHandler
                0x08000d0c                TAMP_STAMP_IRQHandler
                0x08000d0c                EXTI3_IRQHandler
                0x08000d0c                LPTIM4_IRQHandler
                0x08000d0c                TIM8_TRG_COM_TIM14_IRQHandler
                0x08000d0c                LPTIM2_IRQHandler
                0x08000d0c                DFSDM1_FLT1_IRQHandler
                0x08000d0c                DMAMUX2_OVR_IRQHandler
                0x08000d0c                TIM8_UP_TIM13_IRQHandler
                0x08000d0c                I2C3_ER_IRQHandler
                0x08000d0c                DFSDM1_FLT2_IRQHandler
                0x08000d0c                MDMA_IRQHandler
                0x08000d0c                LPTIM3_IRQHandler
                0x08000d0c                HSEM1_IRQHandler
                0x08000d0c                EXTI0_IRQHandler
                0x08000d0c                I2C2_EV_IRQHandler
                0x08000d0c                DMA1_Stream2_IRQHandler
                0x08000d0c                FPU_IRQHandler
                0x08000d0c                OTG_HS_WKUP_IRQHandler
                0x08000d0c                FDCAN1_IT1_IRQHandler
                0x08000d0c                LTDC_ER_IRQHandler
                0x08000d0c                DMA2_Stream2_IRQHandler
                0x08000d0c                HRTIM1_TIME_IRQHandler
                0x08000d0c                SPI1_IRQHandler
                0x08000d0c                TIM6_DAC_IRQHandler
                0x08000d0c                DCMI_IRQHandler
                0x08000d0c                HRTIM1_TIMC_IRQHandler
                0x08000d0c                DMA2_Stream3_IRQHandler
                0x08000d0c                SAI2_IRQHandler
                0x08000d0c                DFSDM1_FLT3_IRQHandler
                0x08000d0c                USART6_IRQHandler
                0x08000d0c                TIM17_IRQHandler
                0x08000d0c                USART3_IRQHandler
                0x08000d0c                BDMA_Channel7_IRQHandler
                0x08000d0c                CRYP_IRQHandler
                0x08000d0c                LPTIM5_IRQHandler
                0x08000d0c                UART5_IRQHandler
                0x08000d0c                ADC3_IRQHandler
                0x08000d0c                DMA2_Stream0_IRQHandler
                0x08000d0c                TIM4_IRQHandler
                0x08000d0c                BDMA_Channel2_IRQHandler
                0x08000d0c                QUADSPI_IRQHandler
                0x08000d0c                I2C1_EV_IRQHandler
                0x08000d0c                DMA1_Stream6_IRQHandler
                0x08000d0c                DMAMUX1_OVR_IRQHandler
                0x08000d0c                DMA1_Stream1_IRQHandler
                0x08000d0c                TIM16_IRQHandler
                0x08000d0c                UART4_IRQHandler
                0x08000d0c                BDMA_Channel5_IRQHandler
                0x08000d0c                TIM3_IRQHandler
                0x08000d0c                RCC_IRQHandler
                0x08000d0c                TIM8_BRK_TIM12_IRQHandler
                0x08000d0c                TIM1_TRG_COM_IRQHandler
                0x08000d0c                Default_Handler
                0x08000d0c                ECC_IRQHandler
                0x08000d0c                CEC_IRQHandler
                0x08000d0c                EXTI15_10_IRQHandler
                0x08000d0c                BDMA_Channel0_IRQHandler
                0x08000d0c                ADC_IRQHandler
                0x08000d0c                DMA1_Stream7_IRQHandler
                0x08000d0c                HRTIM1_TIMA_IRQHandler
                0x08000d0c                SPI5_IRQHandler
                0x08000d0c                TIM7_IRQHandler
                0x08000d0c                SDMMC1_IRQHandler
                0x08000d0c                TIM5_IRQHandler
                0x08000d0c                DMA2_Stream7_IRQHandler
                0x08000d0c                TIM15_IRQHandler
                0x08000d0c                PVD_AVD_IRQHandler
                0x08000d0c                I2C3_EV_IRQHandler
                0x08000d0c                EXTI9_5_IRQHandler
                0x08000d0c                RTC_WKUP_IRQHandler
                0x08000d0c                LTDC_IRQHandler
                0x08000d0c                SAI3_IRQHandler
                0x08000d0c                ETH_WKUP_IRQHandler
                0x08000d0c                SPDIF_RX_IRQHandler
                0x08000d0c                SPI2_IRQHandler
                0x08000d0c                OTG_HS_EP1_IN_IRQHandler
                0x08000d0c                DMA1_Stream0_IRQHandler
                0x08000d0c                CRS_IRQHandler
                0x08000d0c                CM7_SEV_IRQHandler
                0x08000d0c                EXTI4_IRQHandler
                0x08000d0c                CM4_SEV_IRQHandler
                0x08000d0c                HRTIM1_TIMB_IRQHandler
                0x08000d0c                FDCAN2_IT1_IRQHandler
                0x08000d0c                ETH_IRQHandler
                0x08000d0c                TIM1_UP_IRQHandler
                0x08000d0c                WWDG_RST_IRQHandler
                0x08000d0c                BDMA_Channel4_IRQHandler
                0x08000d0c                OTG_HS_EP1_OUT_IRQHandler
                0x08000d0c                WWDG_IRQHandler
                0x08000d0c                SPI6_IRQHandler
                0x08000d0c                MDIOS_IRQHandler
                0x08000d0c                I2C4_EV_IRQHandler
                0x08000d0c                FDCAN2_IT0_IRQHandler
                0x08000d0c                LPUART1_IRQHandler
                0x08000d0c                FDCAN1_IT0_IRQHandler
                0x08000d0c                TIM2_IRQHandler
                0x08000d0c                OTG_FS_WKUP_IRQHandler
                0x08000d0c                OTG_HS_IRQHandler
                0x08000d0c                HSEM2_IRQHandler
                0x08000d0c                DMA2D_IRQHandler
                0x08000d0c                TIM1_BRK_IRQHandler
                0x08000d0c                EXTI1_IRQHandler
                0x08000d0c                SDMMC2_IRQHandler
                0x08000d0c                OTG_FS_EP1_OUT_IRQHandler
                0x08000d0c                BDMA_Channel3_IRQHandler
                0x08000d0c                HOLD_CORE_IRQHandler
                0x08000d0c                UART7_IRQHandler
                0x08000d0c                MDIOS_WKUP_IRQHandler
                0x08000d0c                DFSDM1_FLT0_IRQHandler
                0x08000d0c                SAI4_IRQHandler
                0x08000d0c                I2C2_ER_IRQHandler
                0x08000d0c                DMA2_Stream1_IRQHandler
                0x08000d0c                FLASH_IRQHandler
                0x08000d0c                DMA2_Stream4_IRQHandler
                0x08000d0c                USART1_IRQHandler
                0x08000d0c                OTG_FS_IRQHandler
                0x08000d0c                SPI3_IRQHandler
                0x08000d0c                WAKEUP_PIN_IRQHandler
                0x08000d0c                DMA1_Stream4_IRQHandler
                0x08000d0c                OTG_FS_EP1_IN_IRQHandler
                0x08000d0c                I2C1_ER_IRQHandler
                0x08000d0c                FMC_IRQHandler
                0x08000d0c                FDCAN_CAL_IRQHandler
                0x08000d0c                SWPMI1_IRQHandler
                0x08000d0c                COMP1_IRQHandler
                0x08000d0c                LPTIM1_IRQHandler
                0x08000d0c                I2C4_ER_IRQHandler
                0x08000d0c                DMA2_Stream6_IRQHandler
                0x08000d0c                SAI1_IRQHandler
                0x08000d0c                RTC_Alarm_IRQHandler
 *fill*         0x08000d0e        0x2 
 .text.HAL_Init
                0x08000d10       0x78 ./Drivers/STM32H7xx_HAL_Driver/stm32h7xx_hal.o
                0x08000d10                HAL_Init
 .text.HAL_InitTick
                0x08000d88       0x6c ./Drivers/STM32H7xx_HAL_Driver/stm32h7xx_hal.o
                0x08000d88                HAL_InitTick
 .text.HAL_IncTick
                0x08000df4       0x28 ./Drivers/STM32H7xx_HAL_Driver/stm32h7xx_hal.o
                0x08000df4                HAL_IncTick
 .text.HAL_GetTick
                0x08000e1c       0x18 ./Drivers/STM32H7xx_HAL_Driver/stm32h7xx_hal.o
                0x08000e1c                HAL_GetTick
 .text.HAL_Delay
                0x08000e34       0x48 ./Drivers/STM32H7xx_HAL_Driver/stm32h7xx_hal.o
                0x08000e34                HAL_Delay
 .text.HAL_GetREVID
                0x08000e7c       0x18 ./Drivers/STM32H7xx_HAL_Driver/stm32h7xx_hal.o
                0x08000e7c                HAL_GetREVID
 .text.__NVIC_SetPriorityGrouping
                0x08000e94       0x48 ./Drivers/STM32H7xx_HAL_Driver/stm32h7xx_hal_cortex.o
 .text.__NVIC_GetPriorityGrouping
                0x08000edc       0x1c ./Drivers/STM32H7xx_HAL_Driver/stm32h7xx_hal_cortex.o
 .text.__NVIC_EnableIRQ
                0x08000ef8       0x3c ./Drivers/STM32H7xx_HAL_Driver/stm32h7xx_hal_cortex.o
 .text.__NVIC_SetPriority
                0x08000f34       0x54 ./Drivers/STM32H7xx_HAL_Driver/stm32h7xx_hal_cortex.o
 .text.NVIC_EncodePriority
                0x08000f88       0x66 ./Drivers/STM32H7xx_HAL_Driver/stm32h7xx_hal_cortex.o
 *fill*         0x08000fee        0x2 
 .text.SysTick_Config
                0x08000ff0       0x44 ./Drivers/STM32H7xx_HAL_Driver/stm32h7xx_hal_cortex.o
 .text.HAL_NVIC_SetPriorityGrouping
                0x08001034       0x16 ./Drivers/STM32H7xx_HAL_Driver/stm32h7xx_hal_cortex.o
                0x08001034                HAL_NVIC_SetPriorityGrouping
 .text.HAL_NVIC_SetPriority
                0x0800104a       0x34 ./Drivers/STM32H7xx_HAL_Driver/stm32h7xx_hal_cortex.o
                0x0800104a                HAL_NVIC_SetPriority
 .text.HAL_NVIC_EnableIRQ
                0x0800107e       0x1c ./Drivers/STM32H7xx_HAL_Driver/stm32h7xx_hal_cortex.o
                0x0800107e                HAL_NVIC_EnableIRQ
 .text.HAL_SYSTICK_Config
                0x0800109a       0x18 ./Drivers/STM32H7xx_HAL_Driver/stm32h7xx_hal_cortex.o
                0x0800109a                HAL_SYSTICK_Config
 *fill*         0x080010b2        0x2 
 .text.HAL_MPU_Disable
                0x080010b4       0x30 ./Drivers/STM32H7xx_HAL_Driver/stm32h7xx_hal_cortex.o
                0x080010b4                HAL_MPU_Disable
 .text.HAL_MPU_Enable
                0x080010e4       0x40 ./Drivers/STM32H7xx_HAL_Driver/stm32h7xx_hal_cortex.o
                0x080010e4                HAL_MPU_Enable
 .text.HAL_MPU_ConfigRegion
                0x08001124       0x80 ./Drivers/STM32H7xx_HAL_Driver/stm32h7xx_hal_cortex.o
                0x08001124                HAL_MPU_ConfigRegion
 .text.HAL_DMA_Abort
                0x080011a4      0x63c ./Drivers/STM32H7xx_HAL_Driver/stm32h7xx_hal_dma.o
                0x080011a4                HAL_DMA_Abort
 .text.HAL_DMA_Abort_IT
                0x080017e0      0x48c ./Drivers/STM32H7xx_HAL_Driver/stm32h7xx_hal_dma.o
                0x080017e0                HAL_DMA_Abort_IT
 .text.HAL_GPIO_Init
                0x08001c6c      0x360 ./Drivers/STM32H7xx_HAL_Driver/stm32h7xx_hal_gpio.o
                0x08001c6c                HAL_GPIO_Init
 .text.HAL_GPIO_TogglePin
                0x08001fcc       0x34 ./Drivers/STM32H7xx_HAL_Driver/stm32h7xx_hal_gpio.o
                0x08001fcc                HAL_GPIO_TogglePin
 .text.HAL_HSEM_FastTake
                0x08002000       0x34 ./Drivers/STM32H7xx_HAL_Driver/stm32h7xx_hal_hsem.o
                0x08002000                HAL_HSEM_FastTake
 .text.HAL_HSEM_Release
                0x08002034       0x28 ./Drivers/STM32H7xx_HAL_Driver/stm32h7xx_hal_hsem.o
                0x08002034                HAL_HSEM_Release
 .text.HAL_JPEG_Init
                0x0800205c      0x104 ./Drivers/STM32H7xx_HAL_Driver/stm32h7xx_hal_jpeg.o
                0x0800205c                HAL_JPEG_Init
 .text.JPEG_Bits_To_SizeCodes
                0x08002160       0xea ./Drivers/STM32H7xx_HAL_Driver/stm32h7xx_hal_jpeg.o
 .text.JPEG_ACHuff_BitsVals_To_SizeCodes
                0x0800224a      0x140 ./Drivers/STM32H7xx_HAL_Driver/stm32h7xx_hal_jpeg.o
 .text.JPEG_DCHuff_BitsVals_To_SizeCodes
                0x0800238a       0xe6 ./Drivers/STM32H7xx_HAL_Driver/stm32h7xx_hal_jpeg.o
 .text.JPEG_Set_HuffDC_Mem
                0x08002470      0x104 ./Drivers/STM32H7xx_HAL_Driver/stm32h7xx_hal_jpeg.o
 .text.JPEG_Set_HuffAC_Mem
                0x08002574      0x208 ./Drivers/STM32H7xx_HAL_Driver/stm32h7xx_hal_jpeg.o
 .text.JPEG_Set_HuffEnc_Mem
                0x0800277c       0xa8 ./Drivers/STM32H7xx_HAL_Driver/stm32h7xx_hal_jpeg.o
 .text.JPEG_Set_Huff_DHTMem
                0x08002824      0x45c ./Drivers/STM32H7xx_HAL_Driver/stm32h7xx_hal_jpeg.o
 .text.HAL_PWREx_ConfigSupply
                0x08002c80       0xb4 ./Drivers/STM32H7xx_HAL_Driver/stm32h7xx_hal_pwr_ex.o
                0x08002c80                HAL_PWREx_ConfigSupply
 .text.HAL_RCC_OscConfig
                0x08002d34      0x8b4 ./Drivers/STM32H7xx_HAL_Driver/stm32h7xx_hal_rcc.o
                0x08002d34                HAL_RCC_OscConfig
 .text.HAL_RCC_ClockConfig
                0x080035e8      0x36c ./Drivers/STM32H7xx_HAL_Driver/stm32h7xx_hal_rcc.o
                0x080035e8                HAL_RCC_ClockConfig
 .text.HAL_RCC_GetSysClockFreq
                0x08003954      0x2f4 ./Drivers/STM32H7xx_HAL_Driver/stm32h7xx_hal_rcc.o
                0x08003954                HAL_RCC_GetSysClockFreq
 .text.HAL_RCC_GetHCLKFreq
                0x08003c48       0x60 ./Drivers/STM32H7xx_HAL_Driver/stm32h7xx_hal_rcc.o
                0x08003c48                HAL_RCC_GetHCLKFreq
 .text.HAL_RCC_GetPCLK1Freq
                0x08003ca8       0x2c ./Drivers/STM32H7xx_HAL_Driver/stm32h7xx_hal_rcc.o
                0x08003ca8                HAL_RCC_GetPCLK1Freq
 .text.HAL_RCC_GetPCLK2Freq
                0x08003cd4       0x2c ./Drivers/STM32H7xx_HAL_Driver/stm32h7xx_hal_rcc.o
                0x08003cd4                HAL_RCC_GetPCLK2Freq
 .text.HAL_RCCEx_PeriphCLKConfig
                0x08003d00     0x1414 ./Drivers/STM32H7xx_HAL_Driver/stm32h7xx_hal_rcc_ex.o
                0x08003d00                HAL_RCCEx_PeriphCLKConfig
 .text.HAL_RCCEx_GetD3PCLK1Freq
                0x08005114       0x2c ./Drivers/STM32H7xx_HAL_Driver/stm32h7xx_hal_rcc_ex.o
                0x08005114                HAL_RCCEx_GetD3PCLK1Freq
 .text.HAL_RCCEx_GetPLL2ClockFreq
                0x08005140      0x2a8 ./Drivers/STM32H7xx_HAL_Driver/stm32h7xx_hal_rcc_ex.o
                0x08005140                HAL_RCCEx_GetPLL2ClockFreq
 .text.HAL_RCCEx_GetPLL3ClockFreq
                0x080053e8      0x2a8 ./Drivers/STM32H7xx_HAL_Driver/stm32h7xx_hal_rcc_ex.o
                0x080053e8                HAL_RCCEx_GetPLL3ClockFreq
 .text.RCCEx_PLL2_Config
                0x08005690      0x164 ./Drivers/STM32H7xx_HAL_Driver/stm32h7xx_hal_rcc_ex.o
 .text.RCCEx_PLL3_Config
                0x080057f4      0x164 ./Drivers/STM32H7xx_HAL_Driver/stm32h7xx_hal_rcc_ex.o
 .text.HAL_RNG_Init
                0x08005958       0xc4 ./Drivers/STM32H7xx_HAL_Driver/stm32h7xx_hal_rng.o
                0x08005958                HAL_RNG_Init
 .text.HAL_UART_Init
                0x08005a1c       0xa0 ./Drivers/STM32H7xx_HAL_Driver/stm32h7xx_hal_uart.o
                0x08005a1c                HAL_UART_Init
 .text.HAL_UART_IRQHandler
                0x08005abc      0x7ac ./Drivers/STM32H7xx_HAL_Driver/stm32h7xx_hal_uart.o
                0x08005abc                HAL_UART_IRQHandler
 .text.HAL_UART_TxCpltCallback
                0x08006268       0x14 ./Drivers/STM32H7xx_HAL_Driver/stm32h7xx_hal_uart.o
                0x08006268                HAL_UART_TxCpltCallback
 .text.HAL_UART_ErrorCallback
                0x0800627c       0x14 ./Drivers/STM32H7xx_HAL_Driver/stm32h7xx_hal_uart.o
                0x0800627c                HAL_UART_ErrorCallback
 .text.HAL_UARTEx_RxEventCallback
                0x08006290       0x18 ./Drivers/STM32H7xx_HAL_Driver/stm32h7xx_hal_uart.o
                0x08006290                HAL_UARTEx_RxEventCallback
 .text.UART_SetConfig
                0x080062a8      0xad0 ./Drivers/STM32H7xx_HAL_Driver/stm32h7xx_hal_uart.o
                0x080062a8                UART_SetConfig
 .text.UART_AdvFeatureConfig
                0x08006d78      0x144 ./Drivers/STM32H7xx_HAL_Driver/stm32h7xx_hal_uart.o
                0x08006d78                UART_AdvFeatureConfig
 .text.UART_CheckIdleState
                0x08006ebc      0x154 ./Drivers/STM32H7xx_HAL_Driver/stm32h7xx_hal_uart.o
                0x08006ebc                UART_CheckIdleState
 .text.UART_WaitOnFlagUntilTimeout
                0x08007010       0xda ./Drivers/STM32H7xx_HAL_Driver/stm32h7xx_hal_uart.o
                0x08007010                UART_WaitOnFlagUntilTimeout
 *fill*         0x080070ea        0x2 
 .text.UART_EndRxTransfer
                0x080070ec       0xcc ./Drivers/STM32H7xx_HAL_Driver/stm32h7xx_hal_uart.o
 .text.UART_DMAAbortOnError
                0x080071b8       0x24 ./Drivers/STM32H7xx_HAL_Driver/stm32h7xx_hal_uart.o
 .text.UART_EndTransmit_IT
                0x080071dc       0x56 ./Drivers/STM32H7xx_HAL_Driver/stm32h7xx_hal_uart.o
 .text.HAL_UARTEx_WakeupCallback
                0x08007232       0x14 ./Drivers/STM32H7xx_HAL_Driver/stm32h7xx_hal_uart_ex.o
                0x08007232                HAL_UARTEx_WakeupCallback
 .text.HAL_UARTEx_RxFifoFullCallback
                0x08007246       0x14 ./Drivers/STM32H7xx_HAL_Driver/stm32h7xx_hal_uart_ex.o
                0x08007246                HAL_UARTEx_RxFifoFullCallback
 .text.HAL_UARTEx_TxFifoEmptyCallback
                0x0800725a       0x14 ./Drivers/STM32H7xx_HAL_Driver/stm32h7xx_hal_uart_ex.o
                0x0800725a                HAL_UARTEx_TxFifoEmptyCallback
 .text.HAL_UARTEx_DisableFifoMode
                0x0800726e       0x72 ./Drivers/STM32H7xx_HAL_Driver/stm32h7xx_hal_uart_ex.o
                0x0800726e                HAL_UARTEx_DisableFifoMode
 .text.HAL_UARTEx_SetTxFifoThreshold
                0x080072e0       0x7c ./Drivers/STM32H7xx_HAL_Driver/stm32h7xx_hal_uart_ex.o
                0x080072e0                HAL_UARTEx_SetTxFifoThreshold
 .text.HAL_UARTEx_SetRxFifoThreshold
                0x0800735c       0x7c ./Drivers/STM32H7xx_HAL_Driver/stm32h7xx_hal_uart_ex.o
                0x0800735c                HAL_UARTEx_SetRxFifoThreshold
 .text.UARTEx_SetNbDataToProcess
                0x080073d8       0x9c ./Drivers/STM32H7xx_HAL_Driver/stm32h7xx_hal_uart_ex.o
 .text.memset   0x08007474       0x10 /Applications/STM32CubeIDE.app/Contents/Eclipse/plugins/com.st.stm32cube.ide.mcu.externaltools.gnu-tools-for-stm32.12.3.rel1.macos64_1.1.0.202410301201/tools/bin/../lib/gcc/arm-none-eabi/12.3.1/../../../../arm-none-eabi/lib/thumb/v7e-m+dp/hard/libc_nano.a(libc_a-memset.o)
                0x08007474                memset
 .text.__libc_init_array
                0x08007484       0x48 /Applications/STM32CubeIDE.app/Contents/Eclipse/plugins/com.st.stm32cube.ide.mcu.externaltools.gnu-tools-for-stm32.12.3.rel1.macos64_1.1.0.202410301201/tools/bin/../lib/gcc/arm-none-eabi/12.3.1/../../../../arm-none-eabi/lib/thumb/v7e-m+dp/hard/libc_nano.a(libc_a-init.o)
                0x08007484                __libc_init_array
 *(.glue_7)
 .glue_7        0x080074cc        0x0 linker stubs
 *(.glue_7t)
 .glue_7t       0x080074cc        0x0 linker stubs
 *(.eh_frame)
 .eh_frame      0x080074cc        0x0 /Applications/STM32CubeIDE.app/Contents/Eclipse/plugins/com.st.stm32cube.ide.mcu.externaltools.gnu-tools-for-stm32.12.3.rel1.macos64_1.1.0.202410301201/tools/bin/../lib/gcc/arm-none-eabi/12.3.1/thumb/v7e-m+dp/hard/crtbegin.o
 *(.init)
 .init          0x080074cc        0x4 /Applications/STM32CubeIDE.app/Contents/Eclipse/plugins/com.st.stm32cube.ide.mcu.externaltools.gnu-tools-for-stm32.12.3.rel1.macos64_1.1.0.202410301201/tools/bin/../lib/gcc/arm-none-eabi/12.3.1/thumb/v7e-m+dp/hard/crti.o
                0x080074cc                _init
 .init          0x080074d0        0x8 /Applications/STM32CubeIDE.app/Contents/Eclipse/plugins/com.st.stm32cube.ide.mcu.externaltools.gnu-tools-for-stm32.12.3.rel1.macos64_1.1.0.202410301201/tools/bin/../lib/gcc/arm-none-eabi/12.3.1/thumb/v7e-m+dp/hard/crtn.o
 *(.fini)
 .fini          0x080074d8        0x4 /Applications/STM32CubeIDE.app/Contents/Eclipse/plugins/com.st.stm32cube.ide.mcu.externaltools.gnu-tools-for-stm32.12.3.rel1.macos64_1.1.0.202410301201/tools/bin/../lib/gcc/arm-none-eabi/12.3.1/thumb/v7e-m+dp/hard/crti.o
                0x080074d8                _fini
 .fini          0x080074dc        0x8 /Applications/STM32CubeIDE.app/Contents/Eclipse/plugins/com.st.stm32cube.ide.mcu.externaltools.gnu-tools-for-stm32.12.3.rel1.macos64_1.1.0.202410301201/tools/bin/../lib/gcc/arm-none-eabi/12.3.1/thumb/v7e-m+dp/hard/crtn.o
                0x080074e4                        . = ALIGN (0x4)
                0x080074e4                        _etext = .

.vfp11_veneer   0x080074e4        0x0
 .vfp11_veneer  0x080074e4        0x0 linker stubs

.v4_bx          0x080074e4        0x0
 .v4_bx         0x080074e4        0x0 linker stubs

.iplt           0x080074e4        0x0
 .iplt          0x080074e4        0x0 /Applications/STM32CubeIDE.app/Contents/Eclipse/plugins/com.st.stm32cube.ide.mcu.externaltools.gnu-tools-for-stm32.12.3.rel1.macos64_1.1.0.202410301201/tools/bin/../lib/gcc/arm-none-eabi/12.3.1/thumb/v7e-m+dp/hard/crtbegin.o

.rodata         0x080074e4      0x258
                0x080074e4                        . = ALIGN (0x4)
 *(.rodata)
 *(.rodata*)
 .rodata.D1CorePrescTable
                0x080074e4       0x10 ./Common/Src/system_stm32h7xx_dualcore_boot_cm4_cm7.o
                0x080074e4                D1CorePrescTable
 .rodata.JPEG_DCLUM_HuffTable
                0x080074f4       0x1c ./Drivers/STM32H7xx_HAL_Driver/stm32h7xx_hal_jpeg.o
 .rodata.JPEG_DCCHROM_HuffTable
                0x08007510       0x1c ./Drivers/STM32H7xx_HAL_Driver/stm32h7xx_hal_jpeg.o
 .rodata.JPEG_ACLUM_HuffTable
                0x0800752c       0xb2 ./Drivers/STM32H7xx_HAL_Driver/stm32h7xx_hal_jpeg.o
 *fill*         0x080075de        0x2 
 .rodata.JPEG_ACCHROM_HuffTable
                0x080075e0       0xb2 ./Drivers/STM32H7xx_HAL_Driver/stm32h7xx_hal_jpeg.o
 *fill*         0x08007692        0x2 
 .rodata.JPEG_LUM_QuantTable.1
                0x08007694       0x40 ./Drivers/STM32H7xx_HAL_Driver/stm32h7xx_hal_jpeg.o
 .rodata.JPEG_CHROM_QuantTable.0
                0x080076d4       0x40 ./Drivers/STM32H7xx_HAL_Driver/stm32h7xx_hal_jpeg.o
 .rodata.UARTPrescTable
                0x08007714       0x18 ./Drivers/STM32H7xx_HAL_Driver/stm32h7xx_hal_uart.o
                0x08007714                UARTPrescTable
 .rodata.numerator.1
                0x0800772c        0x8 ./Drivers/STM32H7xx_HAL_Driver/stm32h7xx_hal_uart_ex.o
 .rodata.denominator.0
                0x08007734        0x8 ./Drivers/STM32H7xx_HAL_Driver/stm32h7xx_hal_uart_ex.o
                0x0800773c                        . = ALIGN (0x4)

.ARM.extab      0x0800773c        0x0
                0x0800773c                        . = ALIGN (0x4)
 *(.ARM.extab* .gnu.linkonce.armextab.*)
                0x0800773c                        . = ALIGN (0x4)

.ARM            0x0800773c        0x8
                0x0800773c                        . = ALIGN (0x4)
                0x0800773c                        __exidx_start = .
 *(.ARM.exidx*)
 .ARM.exidx     0x0800773c        0x8 /Applications/STM32CubeIDE.app/Contents/Eclipse/plugins/com.st.stm32cube.ide.mcu.externaltools.gnu-tools-for-stm32.12.3.rel1.macos64_1.1.0.202410301201/tools/bin/../lib/gcc/arm-none-eabi/12.3.1/thumb/v7e-m+dp/hard/libgcc.a(_udivmoddi4.o)
                0x08007744                        __exidx_end = .
                0x08007744                        . = ALIGN (0x4)

.preinit_array  0x08007744        0x0
                0x08007744                        . = ALIGN (0x4)
                0x08007744                        PROVIDE (__preinit_array_start = .)
 *(.preinit_array*)
                0x08007744                        PROVIDE (__preinit_array_end = .)
                0x08007744                        . = ALIGN (0x4)

.init_array     0x08007744        0x4
                0x08007744                        . = ALIGN (0x4)
                0x08007744                        PROVIDE (__init_array_start = .)
 *(SORT_BY_NAME(.init_array.*))
 *(.init_array*)
 .init_array    0x08007744        0x4 /Applications/STM32CubeIDE.app/Contents/Eclipse/plugins/com.st.stm32cube.ide.mcu.externaltools.gnu-tools-for-stm32.12.3.rel1.macos64_1.1.0.202410301201/tools/bin/../lib/gcc/arm-none-eabi/12.3.1/thumb/v7e-m+dp/hard/crtbegin.o
                0x08007748                        PROVIDE (__init_array_end = .)
                0x08007748                        . = ALIGN (0x4)

.fini_array     0x08007748        0x4
                0x08007748                        . = ALIGN (0x4)
                [!provide]                        PROVIDE (__fini_array_start = .)
 *(SORT_BY_NAME(.fini_array.*))
 *(.fini_array*)
 .fini_array    0x08007748        0x4 /Applications/STM32CubeIDE.app/Contents/Eclipse/plugins/com.st.stm32cube.ide.mcu.externaltools.gnu-tools-for-stm32.12.3.rel1.macos64_1.1.0.202410301201/tools/bin/../lib/gcc/arm-none-eabi/12.3.1/thumb/v7e-m+dp/hard/crtbegin.o
                [!provide]                        PROVIDE (__fini_array_end = .)
                0x0800774c                        . = ALIGN (0x4)
                0x0800774c                        _sidata = LOADADDR (.data)

.rel.dyn        0x0800774c        0x0
 .rel.iplt      0x0800774c        0x0 /Applications/STM32CubeIDE.app/Contents/Eclipse/plugins/com.st.stm32cube.ide.mcu.externaltools.gnu-tools-for-stm32.12.3.rel1.macos64_1.1.0.202410301201/tools/bin/../lib/gcc/arm-none-eabi/12.3.1/thumb/v7e-m+dp/hard/crtbegin.o

.data           0x24000000       0x10 load address 0x0800774c
                0x24000000                        . = ALIGN (0x4)
                0x24000000                        _sdata = .
 *(.data)
 *(.data*)
 .data.SystemCoreClock
                0x24000000        0x4 ./Common/Src/system_stm32h7xx_dualcore_boot_cm4_cm7.o
                0x24000000                SystemCoreClock
 .data.SystemD2Clock
                0x24000004        0x4 ./Common/Src/system_stm32h7xx_dualcore_boot_cm4_cm7.o
                0x24000004                SystemD2Clock
 .data.uwTickPrio
                0x24000008        0x4 ./Drivers/STM32H7xx_HAL_Driver/stm32h7xx_hal.o
                0x24000008                uwTickPrio
 .data.uwTickFreq
                0x2400000c        0x1 ./Drivers/STM32H7xx_HAL_Driver/stm32h7xx_hal.o
                0x2400000c                uwTickFreq
 *(.RamFunc)
 *(.RamFunc*)
                0x24000010                        . = ALIGN (0x4)
 *fill*         0x2400000d        0x3 
                0x24000010                        _edata = .

.igot.plt       0x24000010        0x0 load address 0x0800775c
 .igot.plt      0x24000010        0x0 /Applications/STM32CubeIDE.app/Contents/Eclipse/plugins/com.st.stm32cube.ide.mcu.externaltools.gnu-tools-for-stm32.12.3.rel1.macos64_1.1.0.202410301201/tools/bin/../lib/gcc/arm-none-eabi/12.3.1/thumb/v7e-m+dp/hard/crtbegin.o
                0x24000010                        . = ALIGN (0x4)

.bss            0x24000010      0x120 load address 0x0800775c
                0x24000010                        _sbss = .
                0x24000010                        __bss_start__ = _sbss
 *(.bss)
 .bss           0x24000010       0x1c /Applications/STM32CubeIDE.app/Contents/Eclipse/plugins/com.st.stm32cube.ide.mcu.externaltools.gnu-tools-for-stm32.12.3.rel1.macos64_1.1.0.202410301201/tools/bin/../lib/gcc/arm-none-eabi/12.3.1/thumb/v7e-m+dp/hard/crtbegin.o
 *(.bss*)
 .bss.hjpeg     0x2400002c       0x58 ./Core/Src/main.o
                0x2400002c                hjpeg
 .bss.hrng      0x24000084       0x14 ./Core/Src/main.o
                0x24000084                hrng
 .bss.huart2    0x24000098       0x94 ./Core/Src/main.o
                0x24000098                huart2
 .bss.uwTick    0x2400012c        0x4 ./Drivers/STM32H7xx_HAL_Driver/stm32h7xx_hal.o
                0x2400012c                uwTick
 *(COMMON)
                0x24000130                        . = ALIGN (0x4)
                0x24000130                        _ebss = .
                0x24000130                        __bss_end__ = _ebss

._user_heap_stack
                0x24000130      0x600 load address 0x0800775c
                0x24000130                        . = ALIGN (0x8)
                [!provide]                        PROVIDE (end = .)
                0x24000130                        PROVIDE (_end = .)
                0x24000330                        . = (. + _Min_Heap_Size)
 *fill*         0x24000130      0x200 
                0x24000730                        . = (. + _Min_Stack_Size)
 *fill*         0x24000330      0x400 
                0x24000730                        . = ALIGN (0x8)

/DISCARD/
 libc.a(*)
 libm.a(*)
 libgcc.a(*)

.ARM.attributes
                0x00000000       0x2e
 *(.ARM.attributes)
 .ARM.attributes
                0x00000000       0x20 /Applications/STM32CubeIDE.app/Contents/Eclipse/plugins/com.st.stm32cube.ide.mcu.externaltools.gnu-tools-for-stm32.12.3.rel1.macos64_1.1.0.202410301201/tools/bin/../lib/gcc/arm-none-eabi/12.3.1/thumb/v7e-m+dp/hard/crti.o
 .ARM.attributes
                0x00000020       0x32 /Applications/STM32CubeIDE.app/Contents/Eclipse/plugins/com.st.stm32cube.ide.mcu.externaltools.gnu-tools-for-stm32.12.3.rel1.macos64_1.1.0.202410301201/tools/bin/../lib/gcc/arm-none-eabi/12.3.1/thumb/v7e-m+dp/hard/crtbegin.o
 .ARM.attributes
                0x00000052       0x32 ./Common/Src/system_stm32h7xx_dualcore_boot_cm4_cm7.o
 .ARM.attributes
                0x00000084       0x32 ./Core/Src/main.o
 .ARM.attributes
                0x000000b6       0x32 ./Core/Src/stm32h7xx_hal_msp.o
 .ARM.attributes
                0x000000e8       0x32 ./Core/Src/stm32h7xx_it.o
 .ARM.attributes
                0x0000011a       0x21 ./Core/Startup/startup_stm32h755zitx.o
 .ARM.attributes
                0x0000013b       0x32 ./Drivers/STM32H7xx_HAL_Driver/stm32h7xx_hal.o
 .ARM.attributes
                0x0000016d       0x32 ./Drivers/STM32H7xx_HAL_Driver/stm32h7xx_hal_cortex.o
 .ARM.attributes
                0x0000019f       0x32 ./Drivers/STM32H7xx_HAL_Driver/stm32h7xx_hal_dma.o
 .ARM.attributes
                0x000001d1       0x32 ./Drivers/STM32H7xx_HAL_Driver/stm32h7xx_hal_gpio.o
 .ARM.attributes
                0x00000203       0x32 ./Drivers/STM32H7xx_HAL_Driver/stm32h7xx_hal_hsem.o
 .ARM.attributes
                0x00000235       0x32 ./Drivers/STM32H7xx_HAL_Driver/stm32h7xx_hal_jpeg.o
 .ARM.attributes
                0x00000267       0x32 ./Drivers/STM32H7xx_HAL_Driver/stm32h7xx_hal_pwr_ex.o
 .ARM.attributes
                0x00000299       0x32 ./Drivers/STM32H7xx_HAL_Driver/stm32h7xx_hal_rcc.o
 .ARM.attributes
                0x000002cb       0x32 ./Drivers/STM32H7xx_HAL_Driver/stm32h7xx_hal_rcc_ex.o
 .ARM.attributes
                0x000002fd       0x32 ./Drivers/STM32H7xx_HAL_Driver/stm32h7xx_hal_rng.o
 .ARM.attributes
                0x0000032f       0x32 ./Drivers/STM32H7xx_HAL_Driver/stm32h7xx_hal_uart.o
 .ARM.attributes
                0x00000361       0x32 ./Drivers/STM32H7xx_HAL_Driver/stm32h7xx_hal_uart_ex.o
 .ARM.attributes
                0x00000393       0x32 /Applications/STM32CubeIDE.app/Contents/Eclipse/plugins/com.st.stm32cube.ide.mcu.externaltools.gnu-tools-for-stm32.12.3.rel1.macos64_1.1.0.202410301201/tools/bin/../lib/gcc/arm-none-eabi/12.3.1/../../../../arm-none-eabi/lib/thumb/v7e-m+dp/hard/libc_nano.a(libc_a-memset.o)
 .ARM.attributes
                0x000003c5       0x32 /Applications/STM32CubeIDE.app/Contents/Eclipse/plugins/com.st.stm32cube.ide.mcu.externaltools.gnu-tools-for-stm32.12.3.rel1.macos64_1.1.0.202410301201/tools/bin/../lib/gcc/arm-none-eabi/12.3.1/../../../../arm-none-eabi/lib/thumb/v7e-m+dp/hard/libc_nano.a(libc_a-init.o)
 .ARM.attributes
                0x000003f7       0x20 /Applications/STM32CubeIDE.app/Contents/Eclipse/plugins/com.st.stm32cube.ide.mcu.externaltools.gnu-tools-for-stm32.12.3.rel1.macos64_1.1.0.202410301201/tools/bin/../lib/gcc/arm-none-eabi/12.3.1/thumb/v7e-m+dp/hard/libgcc.a(_aeabi_uldivmod.o)
 .ARM.attributes
                0x00000417       0x32 /Applications/STM32CubeIDE.app/Contents/Eclipse/plugins/com.st.stm32cube.ide.mcu.externaltools.gnu-tools-for-stm32.12.3.rel1.macos64_1.1.0.202410301201/tools/bin/../lib/gcc/arm-none-eabi/12.3.1/thumb/v7e-m+dp/hard/libgcc.a(_udivmoddi4.o)
 .ARM.attributes
                0x00000449       0x20 /Applications/STM32CubeIDE.app/Contents/Eclipse/plugins/com.st.stm32cube.ide.mcu.externaltools.gnu-tools-for-stm32.12.3.rel1.macos64_1.1.0.202410301201/tools/bin/../lib/gcc/arm-none-eabi/12.3.1/thumb/v7e-m+dp/hard/libgcc.a(_dvmd_tls.o)
 .ARM.attributes
                0x00000469       0x20 /Applications/STM32CubeIDE.app/Contents/Eclipse/plugins/com.st.stm32cube.ide.mcu.externaltools.gnu-tools-for-stm32.12.3.rel1.macos64_1.1.0.202410301201/tools/bin/../lib/gcc/arm-none-eabi/12.3.1/thumb/v7e-m+dp/hard/crtn.o
OUTPUT(jpeg_compress_CM7.elf elf32-littlearm)
LOAD linker stubs
LOAD /Applications/STM32CubeIDE.app/Contents/Eclipse/plugins/com.st.stm32cube.ide.mcu.externaltools.gnu-tools-for-stm32.12.3.rel1.macos64_1.1.0.202410301201/tools/bin/../lib/gcc/arm-none-eabi/12.3.1/../../../../arm-none-eabi/lib/thumb/v7e-m+dp/hard/libc.a
LOAD /Applications/STM32CubeIDE.app/Contents/Eclipse/plugins/com.st.stm32cube.ide.mcu.externaltools.gnu-tools-for-stm32.12.3.rel1.macos64_1.1.0.202410301201/tools/bin/../lib/gcc/arm-none-eabi/12.3.1/../../../../arm-none-eabi/lib/thumb/v7e-m+dp/hard/libm.a
LOAD /Applications/STM32CubeIDE.app/Contents/Eclipse/plugins/com.st.stm32cube.ide.mcu.externaltools.gnu-tools-for-stm32.12.3.rel1.macos64_1.1.0.202410301201/tools/bin/../lib/gcc/arm-none-eabi/12.3.1/thumb/v7e-m+dp/hard/libgcc.a

.debug_info     0x00000000    0x14850
 .debug_info    0x00000000      0xe73 ./Common/Src/system_stm32h7xx_dualcore_boot_cm4_cm7.o
 .debug_info    0x00000e73     0x1f5b ./Core/Src/main.o
 .debug_info    0x00002dce     0x1da2 ./Core/Src/stm32h7xx_hal_msp.o
 .debug_info    0x00004b70      0x830 ./Core/Src/stm32h7xx_it.o
 .debug_info    0x000053a0       0x30 ./Core/Startup/startup_stm32h755zitx.o
 .debug_info    0x000053d0     0x177a ./Drivers/STM32H7xx_HAL_Driver/stm32h7xx_hal.o
 .debug_info    0x00006b4a     0x10d5 ./Drivers/STM32H7xx_HAL_Driver/stm32h7xx_hal_cortex.o
 .debug_info    0x00007c1f      0xc43 ./Drivers/STM32H7xx_HAL_Driver/stm32h7xx_hal_dma.o
 .debug_info    0x00008862      0xd06 ./Drivers/STM32H7xx_HAL_Driver/stm32h7xx_hal_gpio.o
 .debug_info    0x00009568      0x3d3 ./Drivers/STM32H7xx_HAL_Driver/stm32h7xx_hal_hsem.o
 .debug_info    0x0000993b     0x1c2b ./Drivers/STM32H7xx_HAL_Driver/stm32h7xx_hal_jpeg.o
 .debug_info    0x0000b566     0x1225 ./Drivers/STM32H7xx_HAL_Driver/stm32h7xx_hal_pwr_ex.o
 .debug_info    0x0000c78b      0xe67 ./Drivers/STM32H7xx_HAL_Driver/stm32h7xx_hal_rcc.o
 .debug_info    0x0000d5f2     0x1303 ./Drivers/STM32H7xx_HAL_Driver/stm32h7xx_hal_rcc_ex.o
 .debug_info    0x0000e8f5      0x47f ./Drivers/STM32H7xx_HAL_Driver/stm32h7xx_hal_rng.o
 .debug_info    0x0000ed74     0x4b1d ./Drivers/STM32H7xx_HAL_Driver/stm32h7xx_hal_uart.o
 .debug_info    0x00013891      0xfbf ./Drivers/STM32H7xx_HAL_Driver/stm32h7xx_hal_uart_ex.o

.debug_abbrev   0x00000000     0x26e4
 .debug_abbrev  0x00000000      0x165 ./Common/Src/system_stm32h7xx_dualcore_boot_cm4_cm7.o
 .debug_abbrev  0x00000165      0x365 ./Core/Src/main.o
 .debug_abbrev  0x000004ca      0x22b ./Core/Src/stm32h7xx_hal_msp.o
 .debug_abbrev  0x000006f5      0x170 ./Core/Src/stm32h7xx_it.o
 .debug_abbrev  0x00000865       0x24 ./Core/Startup/startup_stm32h755zitx.o
 .debug_abbrev  0x00000889      0x295 ./Drivers/STM32H7xx_HAL_Driver/stm32h7xx_hal.o
 .debug_abbrev  0x00000b1e      0x339 ./Drivers/STM32H7xx_HAL_Driver/stm32h7xx_hal_cortex.o
 .debug_abbrev  0x00000e57      0x248 ./Drivers/STM32H7xx_HAL_Driver/stm32h7xx_hal_dma.o
 .debug_abbrev  0x0000109f      0x205 ./Drivers/STM32H7xx_HAL_Driver/stm32h7xx_hal_gpio.o
 .debug_abbrev  0x000012a4      0x1d3 ./Drivers/STM32H7xx_HAL_Driver/stm32h7xx_hal_hsem.o
 .debug_abbrev  0x00001477      0x29c ./Drivers/STM32H7xx_HAL_Driver/stm32h7xx_hal_jpeg.o
 .debug_abbrev  0x00001713      0x2d7 ./Drivers/STM32H7xx_HAL_Driver/stm32h7xx_hal_pwr_ex.o
 .debug_abbrev  0x000019ea      0x2c8 ./Drivers/STM32H7xx_HAL_Driver/stm32h7xx_hal_rcc.o
 .debug_abbrev  0x00001cb2      0x269 ./Drivers/STM32H7xx_HAL_Driver/stm32h7xx_hal_rcc_ex.o
 .debug_abbrev  0x00001f1b      0x1ba ./Drivers/STM32H7xx_HAL_Driver/stm32h7xx_hal_rng.o
 .debug_abbrev  0x000020d5      0x33d ./Drivers/STM32H7xx_HAL_Driver/stm32h7xx_hal_uart.o
 .debug_abbrev  0x00002412      0x2d2 ./Drivers/STM32H7xx_HAL_Driver/stm32h7xx_hal_uart_ex.o

.debug_aranges  0x00000000      0xe48
 .debug_aranges
                0x00000000       0x30 ./Common/Src/system_stm32h7xx_dualcore_boot_cm4_cm7.o
 .debug_aranges
                0x00000030       0x80 ./Core/Src/main.o
 .debug_aranges
                0x000000b0       0x50 ./Core/Src/stm32h7xx_hal_msp.o
 .debug_aranges
                0x00000100       0x68 ./Core/Src/stm32h7xx_it.o
 .debug_aranges
                0x00000168       0x28 ./Core/Startup/startup_stm32h755zitx.o
 .debug_aranges
                0x00000190      0x200 ./Drivers/STM32H7xx_HAL_Driver/stm32h7xx_hal.o
 .debug_aranges
                0x00000390      0x130 ./Drivers/STM32H7xx_HAL_Driver/stm32h7xx_hal_cortex.o
 .debug_aranges
                0x000004c0       0xa0 ./Drivers/STM32H7xx_HAL_Driver/stm32h7xx_hal_dma.o
 .debug_aranges
                0x00000560       0x58 ./Drivers/STM32H7xx_HAL_Driver/stm32h7xx_hal_gpio.o
 .debug_aranges
                0x000005b8       0x70 ./Drivers/STM32H7xx_HAL_Driver/stm32h7xx_hal_hsem.o
 .debug_aranges
                0x00000628      0x1c0 ./Drivers/STM32H7xx_HAL_Driver/stm32h7xx_hal_jpeg.o
 .debug_aranges
                0x000007e8      0x170 ./Drivers/STM32H7xx_HAL_Driver/stm32h7xx_hal_pwr_ex.o
 .debug_aranges
                0x00000958       0x88 ./Drivers/STM32H7xx_HAL_Driver/stm32h7xx_hal_rcc.o
 .debug_aranges
                0x000009e0      0x100 ./Drivers/STM32H7xx_HAL_Driver/stm32h7xx_hal_rcc_ex.o
 .debug_aranges
                0x00000ae0       0x78 ./Drivers/STM32H7xx_HAL_Driver/stm32h7xx_hal_rng.o
 .debug_aranges
                0x00000b58      0x248 ./Drivers/STM32H7xx_HAL_Driver/stm32h7xx_hal_uart.o
 .debug_aranges
                0x00000da0       0xa8 ./Drivers/STM32H7xx_HAL_Driver/stm32h7xx_hal_uart_ex.o

.debug_rnglists
                0x00000000      0xb0d
 .debug_rnglists
                0x00000000       0x21 ./Common/Src/system_stm32h7xx_dualcore_boot_cm4_cm7.o
 .debug_rnglists
                0x00000021       0x5f ./Core/Src/main.o
 .debug_rnglists
                0x00000080       0x38 ./Core/Src/stm32h7xx_hal_msp.o
 .debug_rnglists
                0x000000b8       0x49 ./Core/Src/stm32h7xx_it.o
 .debug_rnglists
                0x00000101       0x19 ./Core/Startup/startup_stm32h755zitx.o
 .debug_rnglists
                0x0000011a      0x180 ./Drivers/STM32H7xx_HAL_Driver/stm32h7xx_hal.o
 .debug_rnglists
                0x0000029a       0xe0 ./Drivers/STM32H7xx_HAL_Driver/stm32h7xx_hal_cortex.o
 .debug_rnglists
                0x0000037a       0x82 ./Drivers/STM32H7xx_HAL_Driver/stm32h7xx_hal_dma.o
 .debug_rnglists
                0x000003fc       0x3f ./Drivers/STM32H7xx_HAL_Driver/stm32h7xx_hal_gpio.o
 .debug_rnglists
                0x0000043b       0x4f ./Drivers/STM32H7xx_HAL_Driver/stm32h7xx_hal_hsem.o
 .debug_rnglists
                0x0000048a      0x16d ./Drivers/STM32H7xx_HAL_Driver/stm32h7xx_hal_jpeg.o
 .debug_rnglists
                0x000005f7      0x117 ./Drivers/STM32H7xx_HAL_Driver/stm32h7xx_hal_pwr_ex.o
 .debug_rnglists
                0x0000070e       0x68 ./Drivers/STM32H7xx_HAL_Driver/stm32h7xx_hal_rcc.o
 .debug_rnglists
                0x00000776       0xc6 ./Drivers/STM32H7xx_HAL_Driver/stm32h7xx_hal_rcc_ex.o
 .debug_rnglists
                0x0000083c       0x58 ./Drivers/STM32H7xx_HAL_Driver/stm32h7xx_hal_rng.o
 .debug_rnglists
                0x00000894      0x1fa ./Drivers/STM32H7xx_HAL_Driver/stm32h7xx_hal_uart.o
 .debug_rnglists
                0x00000a8e       0x7f ./Drivers/STM32H7xx_HAL_Driver/stm32h7xx_hal_uart_ex.o

.debug_macro    0x00000000    0x3a03b
 .debug_macro   0x00000000      0x2a8 ./Common/Src/system_stm32h7xx_dualcore_boot_cm4_cm7.o
 .debug_macro   0x000002a8      0xade ./Common/Src/system_stm32h7xx_dualcore_boot_cm4_cm7.o
 .debug_macro   0x00000d86       0x2e ./Common/Src/system_stm32h7xx_dualcore_boot_cm4_cm7.o
 .debug_macro   0x00000db4       0x49 ./Common/Src/system_stm32h7xx_dualcore_boot_cm4_cm7.o
 .debug_macro   0x00000dfd       0x22 ./Common/Src/system_stm32h7xx_dualcore_boot_cm4_cm7.o
 .debug_macro   0x00000e1f       0x8e ./Common/Src/system_stm32h7xx_dualcore_boot_cm4_cm7.o
 .debug_macro   0x00000ead       0x51 ./Common/Src/system_stm32h7xx_dualcore_boot_cm4_cm7.o
 .debug_macro   0x00000efe      0x103 ./Common/Src/system_stm32h7xx_dualcore_boot_cm4_cm7.o
 .debug_macro   0x00001001       0x6a ./Common/Src/system_stm32h7xx_dualcore_boot_cm4_cm7.o
 .debug_macro   0x0000106b      0x1df ./Common/Src/system_stm32h7xx_dualcore_boot_cm4_cm7.o
 .debug_macro   0x0000124a       0x1c ./Common/Src/system_stm32h7xx_dualcore_boot_cm4_cm7.o
 .debug_macro   0x00001266       0x22 ./Common/Src/system_stm32h7xx_dualcore_boot_cm4_cm7.o
 .debug_macro   0x00001288       0xfb ./Common/Src/system_stm32h7xx_dualcore_boot_cm4_cm7.o
 .debug_macro   0x00001383     0x1305 ./Common/Src/system_stm32h7xx_dualcore_boot_cm4_cm7.o
 .debug_macro   0x00002688      0x11f ./Common/Src/system_stm32h7xx_dualcore_boot_cm4_cm7.o
 .debug_macro   0x000027a7       0x27 ./Common/Src/system_stm32h7xx_dualcore_boot_cm4_cm7.o
 .debug_macro   0x000027ce    0x2769e ./Common/Src/system_stm32h7xx_dualcore_boot_cm4_cm7.o
 .debug_macro   0x00029e6c       0x6d ./Common/Src/system_stm32h7xx_dualcore_boot_cm4_cm7.o
 .debug_macro   0x00029ed9      0x244 ./Common/Src/system_stm32h7xx_dualcore_boot_cm4_cm7.o
 .debug_macro   0x0002a11d     0x3d79 ./Common/Src/system_stm32h7xx_dualcore_boot_cm4_cm7.o
 .debug_macro   0x0002de96      0x189 ./Common/Src/system_stm32h7xx_dualcore_boot_cm4_cm7.o
 .debug_macro   0x0002e01f       0x61 ./Common/Src/system_stm32h7xx_dualcore_boot_cm4_cm7.o
 .debug_macro   0x0002e080       0x29 ./Common/Src/system_stm32h7xx_dualcore_boot_cm4_cm7.o
 .debug_macro   0x0002e0a9       0x43 ./Common/Src/system_stm32h7xx_dualcore_boot_cm4_cm7.o
 .debug_macro   0x0002e0ec       0x34 ./Common/Src/system_stm32h7xx_dualcore_boot_cm4_cm7.o
 .debug_macro   0x0002e120       0x16 ./Common/Src/system_stm32h7xx_dualcore_boot_cm4_cm7.o
 .debug_macro   0x0002e136       0x43 ./Common/Src/system_stm32h7xx_dualcore_boot_cm4_cm7.o
 .debug_macro   0x0002e179       0x34 ./Common/Src/system_stm32h7xx_dualcore_boot_cm4_cm7.o
 .debug_macro   0x0002e1ad       0x10 ./Common/Src/system_stm32h7xx_dualcore_boot_cm4_cm7.o
 .debug_macro   0x0002e1bd       0x58 ./Common/Src/system_stm32h7xx_dualcore_boot_cm4_cm7.o
 .debug_macro   0x0002e215       0x8e ./Common/Src/system_stm32h7xx_dualcore_boot_cm4_cm7.o
 .debug_macro   0x0002e2a3       0x1c ./Common/Src/system_stm32h7xx_dualcore_boot_cm4_cm7.o
 .debug_macro   0x0002e2bf      0x177 ./Common/Src/system_stm32h7xx_dualcore_boot_cm4_cm7.o
 .debug_macro   0x0002e436      0x369 ./Common/Src/system_stm32h7xx_dualcore_boot_cm4_cm7.o
 .debug_macro   0x0002e79f      0x19b ./Common/Src/system_stm32h7xx_dualcore_boot_cm4_cm7.o
 .debug_macro   0x0002e93a       0x5d ./Common/Src/system_stm32h7xx_dualcore_boot_cm4_cm7.o
 .debug_macro   0x0002e997     0x3b99 ./Common/Src/system_stm32h7xx_dualcore_boot_cm4_cm7.o
 .debug_macro   0x00032530     0x1072 ./Common/Src/system_stm32h7xx_dualcore_boot_cm4_cm7.o
 .debug_macro   0x000335a2      0x154 ./Common/Src/system_stm32h7xx_dualcore_boot_cm4_cm7.o
 .debug_macro   0x000336f6      0x130 ./Common/Src/system_stm32h7xx_dualcore_boot_cm4_cm7.o
 .debug_macro   0x00033826      0x3c2 ./Common/Src/system_stm32h7xx_dualcore_boot_cm4_cm7.o
 .debug_macro   0x00033be8       0xac ./Common/Src/system_stm32h7xx_dualcore_boot_cm4_cm7.o
 .debug_macro   0x00033c94      0x72d ./Common/Src/system_stm32h7xx_dualcore_boot_cm4_cm7.o
 .debug_macro   0x000343c1      0x228 ./Common/Src/system_stm32h7xx_dualcore_boot_cm4_cm7.o
 .debug_macro   0x000345e9       0x66 ./Common/Src/system_stm32h7xx_dualcore_boot_cm4_cm7.o
 .debug_macro   0x0003464f      0x3bb ./Common/Src/system_stm32h7xx_dualcore_boot_cm4_cm7.o
 .debug_macro   0x00034a0a      0x407 ./Common/Src/system_stm32h7xx_dualcore_boot_cm4_cm7.o
 .debug_macro   0x00034e11      0x27c ./Common/Src/system_stm32h7xx_dualcore_boot_cm4_cm7.o
 .debug_macro   0x0003508d      0x3ca ./Common/Src/system_stm32h7xx_dualcore_boot_cm4_cm7.o
 .debug_macro   0x00035457      0x4a2 ./Common/Src/system_stm32h7xx_dualcore_boot_cm4_cm7.o
 .debug_macro   0x000358f9       0x51 ./Common/Src/system_stm32h7xx_dualcore_boot_cm4_cm7.o
 .debug_macro   0x0003594a       0x4a ./Common/Src/system_stm32h7xx_dualcore_boot_cm4_cm7.o
 .debug_macro   0x00035994      0x22c ./Common/Src/system_stm32h7xx_dualcore_boot_cm4_cm7.o
 .debug_macro   0x00035bc0       0x67 ./Common/Src/system_stm32h7xx_dualcore_boot_cm4_cm7.o
 .debug_macro   0x00035c27       0xa5 ./Common/Src/system_stm32h7xx_dualcore_boot_cm4_cm7.o
 .debug_macro   0x00035ccc      0x137 ./Common/Src/system_stm32h7xx_dualcore_boot_cm4_cm7.o
 .debug_macro   0x00035e03      0x218 ./Common/Src/system_stm32h7xx_dualcore_boot_cm4_cm7.o
 .debug_macro   0x0003601b      0x2ea ./Common/Src/system_stm32h7xx_dualcore_boot_cm4_cm7.o
 .debug_macro   0x00036305       0x35 ./Common/Src/system_stm32h7xx_dualcore_boot_cm4_cm7.o
 .debug_macro   0x0003633a       0xb9 ./Common/Src/system_stm32h7xx_dualcore_boot_cm4_cm7.o
 .debug_macro   0x000363f3      0x693 ./Common/Src/system_stm32h7xx_dualcore_boot_cm4_cm7.o
 .debug_macro   0x00036a86       0xa6 ./Common/Src/system_stm32h7xx_dualcore_boot_cm4_cm7.o
 .debug_macro   0x00036b2c      0x7a4 ./Common/Src/system_stm32h7xx_dualcore_boot_cm4_cm7.o
 .debug_macro   0x000372d0      0x377 ./Core/Src/main.o
 .debug_macro   0x00037647       0x1c ./Core/Src/main.o
 .debug_macro   0x00037663       0x35 ./Core/Src/main.o
 .debug_macro   0x00037698       0x10 ./Core/Src/main.o
 .debug_macro   0x000376a8       0x1c ./Core/Src/main.o
 .debug_macro   0x000376c4       0x16 ./Core/Src/main.o
 .debug_macro   0x000376da      0x146 ./Core/Src/main.o
 .debug_macro   0x00037820       0x16 ./Core/Src/main.o
 .debug_macro   0x00037836       0x16 ./Core/Src/main.o
 .debug_macro   0x0003784c       0x29 ./Core/Src/main.o
 .debug_macro   0x00037875       0x16 ./Core/Src/main.o
 .debug_macro   0x0003788b       0x20 ./Core/Src/main.o
 .debug_macro   0x000378ab       0x4c ./Core/Src/main.o
 .debug_macro   0x000378f7      0x2b2 ./Core/Src/stm32h7xx_hal_msp.o
 .debug_macro   0x00037ba9      0x2bc ./Core/Src/stm32h7xx_it.o
 .debug_macro   0x00037e65      0x2d2 ./Drivers/STM32H7xx_HAL_Driver/stm32h7xx_hal.o
 .debug_macro   0x00038137      0x2a8 ./Drivers/STM32H7xx_HAL_Driver/stm32h7xx_hal_cortex.o
 .debug_macro   0x000383df      0x2fc ./Drivers/STM32H7xx_HAL_Driver/stm32h7xx_hal_dma.o
 .debug_macro   0x000386db      0x2bc ./Drivers/STM32H7xx_HAL_Driver/stm32h7xx_hal_gpio.o
 .debug_macro   0x00038997      0x2ba ./Drivers/STM32H7xx_HAL_Driver/stm32h7xx_hal_hsem.o
 .debug_macro   0x00038c51      0x335 ./Drivers/STM32H7xx_HAL_Driver/stm32h7xx_hal_jpeg.o
 .debug_macro   0x00038f86      0x2e1 ./Drivers/STM32H7xx_HAL_Driver/stm32h7xx_hal_pwr_ex.o
 .debug_macro   0x00039267      0x2cc ./Drivers/STM32H7xx_HAL_Driver/stm32h7xx_hal_rcc.o
 .debug_macro   0x00039533      0x2c6 ./Drivers/STM32H7xx_HAL_Driver/stm32h7xx_hal_rcc_ex.o
 .debug_macro   0x000397f9      0x2bb ./Drivers/STM32H7xx_HAL_Driver/stm32h7xx_hal_rng.o
 .debug_macro   0x00039ab4      0x2d3 ./Drivers/STM32H7xx_HAL_Driver/stm32h7xx_hal_uart.o
 .debug_macro   0x00039d87      0x2b4 ./Drivers/STM32H7xx_HAL_Driver/stm32h7xx_hal_uart_ex.o

.debug_line     0x00000000    0x14ba1
 .debug_line    0x00000000      0xadc ./Common/Src/system_stm32h7xx_dualcore_boot_cm4_cm7.o
 .debug_line    0x00000adc      0xc05 ./Core/Src/main.o
 .debug_line    0x000016e1      0x964 ./Core/Src/stm32h7xx_hal_msp.o
 .debug_line    0x00002045      0x958 ./Core/Src/stm32h7xx_it.o
 .debug_line    0x0000299d       0x7b ./Core/Startup/startup_stm32h755zitx.o
 .debug_line    0x00002a18      0xfc4 ./Drivers/STM32H7xx_HAL_Driver/stm32h7xx_hal.o
 .debug_line    0x000039dc      0xea0 ./Drivers/STM32H7xx_HAL_Driver/stm32h7xx_hal_cortex.o
 .debug_line    0x0000487c     0x27c8 ./Drivers/STM32H7xx_HAL_Driver/stm32h7xx_hal_dma.o
 .debug_line    0x00007044      0xd3d ./Drivers/STM32H7xx_HAL_Driver/stm32h7xx_hal_gpio.o
 .debug_line    0x00007d81      0xa2d ./Drivers/STM32H7xx_HAL_Driver/stm32h7xx_hal_hsem.o
 .debug_line    0x000087ae     0x27eb ./Drivers/STM32H7xx_HAL_Driver/stm32h7xx_hal_jpeg.o
 .debug_line    0x0000af99     0x10a5 ./Drivers/STM32H7xx_HAL_Driver/stm32h7xx_hal_pwr_ex.o
 .debug_line    0x0000c03e     0x1435 ./Drivers/STM32H7xx_HAL_Driver/stm32h7xx_hal_rcc.o
 .debug_line    0x0000d473     0x1de9 ./Drivers/STM32H7xx_HAL_Driver/stm32h7xx_hal_rcc_ex.o
 .debug_line    0x0000f25c      0xb10 ./Drivers/STM32H7xx_HAL_Driver/stm32h7xx_hal_rng.o
 .debug_line    0x0000fd6c     0x3f32 ./Drivers/STM32H7xx_HAL_Driver/stm32h7xx_hal_uart.o
 .debug_line    0x00013c9e      0xf03 ./Drivers/STM32H7xx_HAL_Driver/stm32h7xx_hal_uart_ex.o

.debug_str      0x00000000   0x17dfb8
 .debug_str     0x00000000   0x177605 ./Common/Src/system_stm32h7xx_dualcore_boot_cm4_cm7.o
                             0x177a80 (size before relaxing)
 .debug_str     0x00177605     0x193f ./Core/Src/main.o
                             0x1790f3 (size before relaxing)
 .debug_str     0x00178f44      0xc4f ./Core/Src/stm32h7xx_hal_msp.o
                             0x178f5f (size before relaxing)
 .debug_str     0x00179b93       0xef ./Core/Src/stm32h7xx_it.o
                             0x177a88 (size before relaxing)
 .debug_str     0x00179c82       0x44 ./Core/Startup/startup_stm32h755zitx.o
                                 0x88 (size before relaxing)
 .debug_str     0x00179cc6      0x9a0 ./Drivers/STM32H7xx_HAL_Driver/stm32h7xx_hal.o
                             0x178aed (size before relaxing)
 .debug_str     0x0017a666      0x2e6 ./Drivers/STM32H7xx_HAL_Driver/stm32h7xx_hal_cortex.o
                             0x178354 (size before relaxing)
 .debug_str     0x0017a94c      0x8ba ./Drivers/STM32H7xx_HAL_Driver/stm32h7xx_hal_dma.o
                             0x1780ee (size before relaxing)
 .debug_str     0x0017b206      0x17c ./Drivers/STM32H7xx_HAL_Driver/stm32h7xx_hal_gpio.o
                             0x1779df (size before relaxing)
 .debug_str     0x0017b382      0x214 ./Drivers/STM32H7xx_HAL_Driver/stm32h7xx_hal_hsem.o
                             0x17766a (size before relaxing)
 .debug_str     0x0017b596      0xc21 ./Drivers/STM32H7xx_HAL_Driver/stm32h7xx_hal_jpeg.o
                             0x1786ba (size before relaxing)
 .debug_str     0x0017c1b7      0x6bd ./Drivers/STM32H7xx_HAL_Driver/stm32h7xx_hal_pwr_ex.o
                             0x177eea (size before relaxing)
 .debug_str     0x0017c874      0x265 ./Drivers/STM32H7xx_HAL_Driver/stm32h7xx_hal_rcc.o
                             0x177d60 (size before relaxing)
 .debug_str     0x0017cad9      0x6a6 ./Drivers/STM32H7xx_HAL_Driver/stm32h7xx_hal_rcc_ex.o
                             0x178295 (size before relaxing)
 .debug_str     0x0017d17f      0x184 ./Drivers/STM32H7xx_HAL_Driver/stm32h7xx_hal_rng.o
                             0x17772c (size before relaxing)
 .debug_str     0x0017d303      0xa11 ./Drivers/STM32H7xx_HAL_Driver/stm32h7xx_hal_uart.o
                             0x17888e (size before relaxing)
 .debug_str     0x0017dd14      0x2a4 ./Drivers/STM32H7xx_HAL_Driver/stm32h7xx_hal_uart_ex.o
                             0x177e4e (size before relaxing)

.comment        0x00000000       0x43
 .comment       0x00000000       0x43 ./Common/Src/system_stm32h7xx_dualcore_boot_cm4_cm7.o
                                 0x44 (size before relaxing)
 .comment       0x00000043       0x44 ./Core/Src/main.o
 .comment       0x00000043       0x44 ./Core/Src/stm32h7xx_hal_msp.o
 .comment       0x00000043       0x44 ./Core/Src/stm32h7xx_it.o
 .comment       0x00000043       0x44 ./Drivers/STM32H7xx_HAL_Driver/stm32h7xx_hal.o
 .comment       0x00000043       0x44 ./Drivers/STM32H7xx_HAL_Driver/stm32h7xx_hal_cortex.o
 .comment       0x00000043       0x44 ./Drivers/STM32H7xx_HAL_Driver/stm32h7xx_hal_dma.o
 .comment       0x00000043       0x44 ./Drivers/STM32H7xx_HAL_Driver/stm32h7xx_hal_gpio.o
 .comment       0x00000043       0x44 ./Drivers/STM32H7xx_HAL_Driver/stm32h7xx_hal_hsem.o
 .comment       0x00000043       0x44 ./Drivers/STM32H7xx_HAL_Driver/stm32h7xx_hal_jpeg.o
 .comment       0x00000043       0x44 ./Drivers/STM32H7xx_HAL_Driver/stm32h7xx_hal_pwr_ex.o
 .comment       0x00000043       0x44 ./Drivers/STM32H7xx_HAL_Driver/stm32h7xx_hal_rcc.o
 .comment       0x00000043       0x44 ./Drivers/STM32H7xx_HAL_Driver/stm32h7xx_hal_rcc_ex.o
 .comment       0x00000043       0x44 ./Drivers/STM32H7xx_HAL_Driver/stm32h7xx_hal_rng.o
 .comment       0x00000043       0x44 ./Drivers/STM32H7xx_HAL_Driver/stm32h7xx_hal_uart.o
 .comment       0x00000043       0x44 ./Drivers/STM32H7xx_HAL_Driver/stm32h7xx_hal_uart_ex.o

.debug_frame    0x00000000     0x3ba8
 .debug_frame   0x00000000       0x78 ./Common/Src/system_stm32h7xx_dualcore_boot_cm4_cm7.o
 .debug_frame   0x00000078      0x1dc ./Core/Src/main.o
 .debug_frame   0x00000254      0x120 ./Core/Src/stm32h7xx_hal_msp.o
 .debug_frame   0x00000374      0x120 ./Core/Src/stm32h7xx_it.o
 .debug_frame   0x00000494      0x848 ./Drivers/STM32H7xx_HAL_Driver/stm32h7xx_hal.o
 .debug_frame   0x00000cdc      0x508 ./Drivers/STM32H7xx_HAL_Driver/stm32h7xx_hal_cortex.o
 .debug_frame   0x000011e4      0x2b4 ./Drivers/STM32H7xx_HAL_Driver/stm32h7xx_hal_dma.o
 .debug_frame   0x00001498      0x14c ./Drivers/STM32H7xx_HAL_Driver/stm32h7xx_hal_gpio.o
 .debug_frame   0x000015e4      0x1bc ./Drivers/STM32H7xx_HAL_Driver/stm32h7xx_hal_hsem.o
 .debug_frame   0x000017a0      0x808 ./Drivers/STM32H7xx_HAL_Driver/stm32h7xx_hal_jpeg.o
 .debug_frame   0x00001fa8      0x5ec ./Drivers/STM32H7xx_HAL_Driver/stm32h7xx_hal_pwr_ex.o
 .debug_frame   0x00002594      0x1f8 ./Drivers/STM32H7xx_HAL_Driver/stm32h7xx_hal_rcc.o
 .debug_frame   0x0000278c      0x43c ./Drivers/STM32H7xx_HAL_Driver/stm32h7xx_hal_rcc_ex.o
 .debug_frame   0x00002bc8      0x1e0 ./Drivers/STM32H7xx_HAL_Driver/stm32h7xx_hal_rng.o
 .debug_frame   0x00002da8      0xa94 ./Drivers/STM32H7xx_HAL_Driver/stm32h7xx_hal_uart.o
 .debug_frame   0x0000383c      0x2c0 ./Drivers/STM32H7xx_HAL_Driver/stm32h7xx_hal_uart_ex.o
 .debug_frame   0x00003afc       0x20 /Applications/STM32CubeIDE.app/Contents/Eclipse/plugins/com.st.stm32cube.ide.mcu.externaltools.gnu-tools-for-stm32.12.3.rel1.macos64_1.1.0.202410301201/tools/bin/../lib/gcc/arm-none-eabi/12.3.1/../../../../arm-none-eabi/lib/thumb/v7e-m+dp/hard/libc_nano.a(libc_a-memset.o)
 .debug_frame   0x00003b1c       0x2c /Applications/STM32CubeIDE.app/Contents/Eclipse/plugins/com.st.stm32cube.ide.mcu.externaltools.gnu-tools-for-stm32.12.3.rel1.macos64_1.1.0.202410301201/tools/bin/../lib/gcc/arm-none-eabi/12.3.1/../../../../arm-none-eabi/lib/thumb/v7e-m+dp/hard/libc_nano.a(libc_a-init.o)
 .debug_frame   0x00003b48       0x2c /Applications/STM32CubeIDE.app/Contents/Eclipse/plugins/com.st.stm32cube.ide.mcu.externaltools.gnu-tools-for-stm32.12.3.rel1.macos64_1.1.0.202410301201/tools/bin/../lib/gcc/arm-none-eabi/12.3.1/thumb/v7e-m+dp/hard/libgcc.a(_aeabi_uldivmod.o)
 .debug_frame   0x00003b74       0x34 /Applications/STM32CubeIDE.app/Contents/Eclipse/plugins/com.st.stm32cube.ide.mcu.externaltools.gnu-tools-for-stm32.12.3.rel1.macos64_1.1.0.202410301201/tools/bin/../lib/gcc/arm-none-eabi/12.3.1/thumb/v7e-m+dp/hard/libgcc.a(_udivmoddi4.o)

.debug_line_str
                0x00000000       0x6c
 .debug_line_str
                0x00000000       0x6c ./Core/Startup/startup_stm32h755zitx.o
