../Core/Src/main.c:79:5:UART_printf	144	static
../Core/Src/main.c:94:8:read_jpeg_chunk	32	static
../Core/Src/main.c:113:6:transmit_jpeg	2064	static
../Core/Src/main.c:129:9:random_8bit_num	16	static
../Core/Src/main.c:139:6:compress_random_image	32	static
../Core/Src/main.c:167:5:main	24	static
../Core/Src/main.c:253:6:SystemClock_Config	120	static
../Core/Src/main.c:304:13:MX_JPEG_Init	8	static
../Core/Src/main.c:328:13:MX_RNG_Init	8	static
../Core/Src/main.c:353:13:MX_USART2_UART_Init	8	static
../Core/Src/main.c:398:13:MX_GPIO_Init	16	static
../Core/Src/main.c:415:6:MPU_Config	24	static
../Core/Src/main.c:445:6:Error_Handler	4	static,ignoring_inline_asm
