../Core/Src/main.c:79:5:UART_printf	1
../Core/Src/main.c:94:8:read_jpeg_chunk	3
../Core/Src/main.c:113:6:transmit_jpeg	3
../Core/Src/main.c:129:9:random_8bit_num	2
../Core/Src/main.c:139:6:compress_random_image	3
../Core/Src/main.c:167:5:main	7
../Core/Src/main.c:253:6:SystemClock_Config	4
../Core/Src/main.c:304:13:MX_JPEG_Init	2
../Core/Src/main.c:328:13:MX_RNG_Init	2
../Core/Src/main.c:353:13:MX_USART2_UART_Init	5
../Core/Src/main.c:398:13:MX_GPIO_Init	1
../Core/Src/main.c:415:6:MPU_Config	1
../Core/Src/main.c:445:6:Error_Handler	1
