../Core/Src/heatshrink_encoder.c:118:6:heatshrink_encoder_reset	24	static
../Core/Src/heatshrink_encoder.c:137:14:heatshrink_encoder_sink	32	static
../Core/Src/heatshrink_encoder.c:190:14:heatshrink_encoder_poll	40	static
../Core/Src/heatshrink_encoder.c:252:16:heatshrink_encoder_finish	16	static
../Core/Src/heatshrink_encoder.c:260:18:st_step_search	48	static
../Core/Src/heatshrink_encoder.c:303:18:st_yield_tag_bit	16	static
../Core/Src/heatshrink_encoder.c:320:18:st_yield_literal	16	static
../Core/Src/heatshrink_encoder.c:330:18:st_yield_br_index	16	static
../Core/Src/heatshrink_encoder.c:346:18:st_yield_br_length	16	static
../Core/Src/heatshrink_encoder.c:362:18:st_save_backlog	16	static
../Core/Src/heatshrink_encoder.c:368:18:st_flush_bit_buffer	16	static
../Core/Src/heatshrink_encoder.c:383:13:add_tag_bit	24	static
../Core/Src/heatshrink_encoder.c:388:17:get_input_offset	16	static
../Core/Src/heatshrink_encoder.c:392:17:get_input_buffer_size	16	static
../Core/Src/heatshrink_encoder.c:397:17:get_lookahead_size	16	static
../Core/Src/heatshrink_encoder.c:402:13:do_indexing	552	static
../Core/Src/heatshrink_encoder.c:441:12:is_finishing	16	static
../Core/Src/heatshrink_encoder.c:445:12:can_take_byte	16	static
../Core/Src/heatshrink_encoder.c:451:17:find_longest_match	56	static
../Core/Src/heatshrink_encoder.c:528:16:push_outgoing_bits	24	static
../Core/Src/heatshrink_encoder.c:549:13:push_bits	32	static
../Core/Src/heatshrink_encoder.c:577:13:push_literal_byte	24	static
../Core/Src/heatshrink_encoder.c:586:13:save_backlog	32	static
